{
  "swagger" : "2.0",
  "info" : {
    "description" : "This is a sample.",
    "version" : "v1",
    "title" : "Swagger Maven Plugin Sample",
    "termsOfService" : "http://www.github.com/kongchen/swagger-maven-plugin",
    "contact" : {
      "name" : "Kong Chen",
      "url" : "http://kongch.com",
      "email" : "kongchen@gmail.com"
    },
    "license" : {
      "name" : "Apache 2.0",
      "url" : "http://www.apache.org/licenses/LICENSE-2.0.html"
    }
  },
  "host" : "www.example.com:8080",
  "basePath" : "/api",
  "tags" : [ {
    "name" : "store",
    "description" : "Operations about store"
  }, {
    "name" : "pet",
    "description" : "Operations about pets"
  }, {
    "name" : "user",
    "description" : "Operations about user"
  } ],
  "schemes" : [ "http", "https" ],
  "paths" : {
    "/pet" : {
      "get" : {
        "tags" : [ "pet" ],
        "summary" : "Returns pet",
        "description" : "",
        "operationId" : "get",
        "produces" : [ "application/json" ],
        "responses" : {
          "200" : {
            "description" : "successful operation",
            "schema" : {
              "$ref" : "#/definitions/Pet"
            }
          }
        },
        "security" : [ {
          "petstore_auth" : [ "write:pets", "read:pets" ]
        } ]
      },
      "post" : {
        "tags" : [ "pet" ],
        "summary" : "Add a new pet to the store",
        "description" : "",
        "operationId" : "addPet",
        "consumes" : [ "application/xml", "application/json" ],
        "produces" : [ "application/xml", "application/json" ],
        "parameters" : [ {
          "in" : "body",
          "name" : "body",
          "description" : "Pet object that needs to be added to the store",
          "required" : true,
          "schema" : {
            "$ref" : "#/definitions/Pet"
          }
        } ],
        "responses" : {
          "200" : {
            "description" : "successful operation",
            "schema" : {
              "$ref" : "#/definitions/Pet"
            }
          },
          "405" : {
            "description" : "Invalid input"
          }
        },
        "security" : [ {
          "petstore_auth" : [ "write:pets", "read:pets" ]
        } ]
      },
      "put" : {
        "tags" : [ "pet" ],
        "summary" : "Update an existing pet",
        "description" : "",
        "operationId" : "updatePet",
        "consumes" : [ "application/xml", "application/json" ],
        "produces" : [ "application/xml", "application/json" ],
        "parameters" : [ {
          "in" : "body",
          "name" : "body",
          "description" : "Pet object that needs to be added to the store",
          "required" : true,
          "schema" : {
            "$ref" : "#/definitions/Pet"
          }
        } ],
        "responses" : {
          "200" : {
            "description" : "successful operation",
            "schema" : {
              "$ref" : "#/definitions/Pet"
            }
          },
          "400" : {
            "description" : "Invalid ID supplied"
          },
          "404" : {
            "description" : "Pet not found"
          },
          "405" : {
            "description" : "Validation exception"
          }
        },
        "security" : [ {
          "petstore_auth" : [ "write:pets", "read:pets" ]
        } ]
      }
    },
    "/pet/findByStatus" : {
      "get" : {
        "tags" : [ "pet" ],
        "summary" : "Finds Pets by status",
        "description" : "Multiple status values can be provided with comma seperated strings",
        "operationId" : "findPetsByStatus",
        "produces" : [ "application/xml", "application/json" ],
        "parameters" : [ {
          "name" : "status",
          "in" : "query",
          "description" : "Status values that need to be considered for filter",
          "required" : true,
          "type" : "array",
          "items" : {
            "type" : "string",
            "default" : "available",
            "enum" : [ "available", "pending", "sold" ]
          },
          "collectionFormat" : "csv"
        } ],
        "responses" : {
          "200" : {
            "description" : "successful operation",
            "schema" : {
              "type" : "array",
              "items" : {
                "$ref" : "#/definitions/Pet"
              }
            }
          },
          "400" : {
            "description" : "Invalid status value"
          }
        },
        "security" : [ {
          "petstore_auth" : [ "write:pets", "read:pets" ]
        } ]
      }
    },
    "/pet/findByStatuses" : {
      "get" : {
        "tags" : [ "pet" ],
        "summary" : "Finds Pets by status",
        "description" : "Multiple status values can be provided with multiple query parameters. Example: ?status=sold&status=pending",
        "operationId" : "findPetsByStatuses",
        "produces" : [ "application/xml", "application/json" ],
        "parameters" : [ {
          "name" : "status",
          "in" : "query",
          "description" : "Status values that need to be considered for filter",
          "required" : true,
          "type" : "array",
          "items" : {
            "type" : "string",
            "default" : "available",
            "enum" : [ "available", "pending", "sold" ]
          },
          "collectionFormat" : "multi"
        } ],
        "responses" : {
          "200" : {
            "description" : "Operation successful, and items were found matching the query. Data in response body.",
            "schema" : {
              "type" : "array",
              "items" : {
                "$ref" : "#/definitions/Pet"
              }
            }
          },
          "400" : {
            "description" : "Invalid status value"
          }
        },
        "security" : [ {
          "petstore_auth" : [ "write:pets", "read:pets" ]
        } ]
      }
    },
    "/pet/findByTags" : {
      "get" : {
        "tags" : [ "pet" ],
        "summary" : "Finds Pets by tags",
        "description" : "Muliple tags can be provided with comma seperated strings. Use tags=tag1,tag2,tag3 for testing.",
        "operationId" : "findPetsByTags",
        "produces" : [ "application/xml", "application/json" ],
        "parameters" : [ {
          "name" : "tags",
          "in" : "query",
          "description" : "Tags to filter by",
          "required" : true,
          "type" : "array",
          "items" : {
            "type" : "string"
          },
          "collectionFormat" : "csv"
        } ],
        "responses" : {
          "200" : {
            "description" : "successful operation",
            "schema" : {
              "type" : "array",
              "items" : {
                "$ref" : "#/definitions/Pet"
              }
            }
          },
          "400" : {
            "description" : "Invalid tag value"
          }
        },
        "security" : [ {
          "petstore_auth" : [ "write:pets", "read:pets" ]
        } ]
      }
    },
    "/pet/pets" : {
      "get" : {
        "tags" : [ "pet" ],
        "summary" : "Retrieve all pets. Pagination supported",
        "description" : "If you wish to paginate the results of this API, supply offset and limit query parameters.",
        "operationId" : "getAllPetsPaginated",
        "produces" : [ "application/xml", "application/json" ],
        "parameters" : [ {
          "name" : "limit",
          "in" : "query",
          "description" : "The pagination limit",
          "required" : false,
          "type" : "integer",
          "format" : "int32"
        }, {
          "name" : "offset",
          "in" : "query",
          "description" : "The pagination offset",
          "required" : false,
          "type" : "integer",
          "format" : "int32"
        } ],
        "responses" : {
          "200" : {
            "description" : "successful operation",
            "schema" : {
              "type" : "array",
              "items" : {
                "$ref" : "#/definitions/Pet"
              }
            }
          }
        },
        "security" : [ {
          "petstore_auth" : [ "write:pets", "read:pets" ]
        } ]
      },
      "post" : {
        "tags" : [ "pet" ],
        "summary" : "Add multiple pets to the store",
        "description" : "",
        "operationId" : "addMultiplePets",
        "consumes" : [ "application/xml", "application/json" ],
        "produces" : [ "application/xml", "application/json" ],
        "parameters" : [ {
          "in" : "body",
          "name" : "body",
          "description" : "A list of pet objects that need to be added to the store",
          "required" : true,
          "schema" : {
            "type" : "array",
            "items" : {
              "$ref" : "#/definitions/Pet"
            }
          }
        } ],
        "responses" : {
          "405" : {
            "description" : "Invalid input"
          }
        },
        "security" : [ {
          "petstore_auth" : [ "write:pets", "read:pets" ]
        } ]
      }
    },
    "/pet/ping" : {
      "get" : {
        "tags" : [ "pet" ],
        "summary" : "ping the service",
        "description" : "",
        "operationId" : "ping",
        "produces" : [ "application/xml", "application/json" ],
        "responses" : {
          "200" : {
            "description" : "successful operation",
            "schema" : {
              "type" : "string"
            }
          }
        },
        "security" : [ {
          "petstore_auth" : [ "write:pets", "read:pets" ]
        } ]
      }
    },
    "/pet/testing" : {
      "get" : {
        "tags" : [ "pet" ],
        "summary" : "testing",
        "description" : "",
        "operationId" : "testing",
        "produces" : [ "application/xml", "application/json" ],
        "parameters" : [ {
          "name" : "items",
          "in" : "query",
          "required" : true,
          "type" : "array",
          "items" : {
            "type" : "string"
          },
          "collectionFormat" : "multi"
        } ],
        "responses" : {
          "200" : {
            "description" : "successful operation",
            "schema" : {
              "type" : "object"
            }
          }
        },
        "security" : [ {
          "petstore_auth" : [ "write:pets", "read:pets" ]
        } ]
      }
    },
    "/pet/testingApiImplicitParams/{path-test-name}" : {
      "get" : {
        "tags" : [ "pet" ],
        "summary" : "testingApiImplicitParams",
        "description" : "",
        "operationId" : "testingApiImplicitParams",
        "produces" : [ "application/json" ],
        "parameters" : [ {
          "name" : "header-test-name",
          "in" : "header",
          "description" : "header-test-value",
          "required" : true,
          "type" : "string",
          "default" : "z"
        }, {
          "name" : "path-test-name",
          "in" : "path",
          "description" : "path-test-value",
          "required" : true,
          "type" : "string",
          "default" : "path-test-defaultValue"
        }, {
          "in" : "body",
          "name" : "body-test-name",
          "description" : "body-test-value",
          "required" : true,
          "schema" : {
            "$ref" : "#/definitions/Pet"
          }
        }, {
          "name" : "form-test-name",
          "in" : "formData",
          "description" : "form-test-value",
          "required" : true,
          "type" : "array",
          "items" : {
            "type" : "string",
            "default" : "form-test-defaultValue"
          },
          "collectionFormat" : "csv"
        } ],
        "responses" : {
          "200" : {
            "description" : "successful operation",
            "schema" : {
              "type" : "string"
            }
          }
        },
        "security" : [ {
          "petstore_auth" : [ "write:pets", "read:pets" ]
        } ]
      }
    },
    "/pet/{petId}" : {
      "get" : {
        "tags" : [ "pet" ],
        "summary" : "Find pet by ID",
        "description" : "Returns a pet when ID < 10.  ID > 10 or nonintegers will simulate API error conditions",
        "operationId" : "getPetById",
        "produces" : [ "application/xml", "application/json" ],
        "parameters" : [ {
          "name" : "petId",
          "in" : "path",
          "description" : "ID of pet that needs to be fetched",
          "required" : true,
          "type" : "integer",
          "maximum" : 5.0,
          "minimum" : 1.0,
          "format" : "int64"
        } ],
        "responses" : {
          "200" : {
            "description" : "Pet data found",
            "schema" : {
              "$ref" : "#/definitions/Pet"
            }
          },
          "400" : {
            "description" : "Invalid ID supplied"
          },
          "404" : {
            "description" : "Pet not found"
          }
        },
        "security" : [ {
          "api_key" : [ ]
        }, {
          "petstore_auth" : [ "write:pets", "read:pets" ]
        } ]
      },
      "post" : {
        "tags" : [ "pet" ],
        "summary" : "Updates a pet in the store with form data",
        "description" : "",
        "operationId" : "updatePetWithForm",
        "consumes" : [ "application/x-www-form-urlencoded" ],
        "produces" : [ "application/xml", "application/json" ],
        "parameters" : [ {
          "name" : "name",
          "in" : "query",
          "description" : "Updated name of the pet",
          "required" : false,
          "type" : "string"
        }, {
          "name" : "petId",
          "in" : "path",
          "required" : true,
          "type" : "string"
        }, {
          "name" : "status",
          "in" : "query",
          "description" : "Updated status of the pet",
          "required" : false,
          "type" : "string"
        } ],
        "responses" : {
          "200" : {
            "description" : "successful operation",
            "schema" : {
              "$ref" : "#/definitions/ApiResponse"
            }
          },
          "405" : {
            "description" : "Invalid input"
          }
        },
        "security" : [ {
          "petstore_auth" : [ "write:pets", "read:pets" ]
        } ]
      },
      "delete" : {
        "tags" : [ "pet" ],
        "summary" : "Deletes a pet",
        "description" : "",
        "operationId" : "removePet",
        "produces" : [ "application/xml", "application/json" ],
        "parameters" : [ {
          "name" : "api_key",
          "in" : "header",
          "required" : true,
          "type" : "string",
          "default" : ""
        }, {
          "name" : "petId",
          "in" : "path",
          "description" : "Pet id to delete",
          "required" : true,
          "type" : "integer",
          "format" : "int64"
        } ],
        "responses" : {
          "400" : {
            "description" : "Invalid pet value"
          }
        },
        "security" : [ {
          "petstore_auth" : [ "write:pets", "read:pets" ]
        } ]
      }
    },
    "/store/order" : {
      "post" : {
        "tags" : [ "store" ],
        "summary" : "Place an order for a pet",
        "description" : "",
        "operationId" : "placeOrder",
        "produces" : [ "application/xml", "application/json" ],
        "parameters" : [ {
          "in" : "body",
          "name" : "body",
          "description" : "order placed for purchasing the pet",
          "required" : true,
          "schema" : {
            "$ref" : "#/definitions/Order"
          }
        } ],
        "responses" : {
          "200" : {
            "description" : "successful operation",
            "schema" : {
              "$ref" : "#/definitions/Order"
            }
          },
          "400" : {
            "description" : "Invalid Order"
          }
        }
      }
    },
    "/store/order/{orderId}" : {
      "get" : {
        "tags" : [ "store" ],
        "summary" : "Find purchase order by ID",
        "description" : "For valid response try integer IDs with value <= 5 or > 10. Other values will generated exceptions",
        "operationId" : "getOrderById",
        "produces" : [ "application/xml", "application/json" ],
        "parameters" : [ {
          "name" : "orderId",
          "in" : "path",
          "description" : "ID of pet that needs to be fetched",
          "required" : true,
          "type" : "string",
          "maximum" : 5.0,
          "minimum" : 1.0
        } ],
        "responses" : {
          "200" : {
            "description" : "successful operation",
            "schema" : {
              "$ref" : "#/definitions/Order"
            }
          },
          "400" : {
            "description" : "Invalid ID supplied"
          },
          "404" : {
            "description" : "Order not found"
          }
        }
      },
      "delete" : {
        "tags" : [ "store" ],
        "summary" : "Delete purchase order by ID",
        "description" : "For valid response try integer IDs with value < 1000. Anything above 1000 or nonintegers will generate API errors",
        "operationId" : "deleteOrder",
        "produces" : [ "application/xml", "application/json" ],
        "parameters" : [ {
          "name" : "orderId",
          "in" : "path",
          "description" : "ID of the order that needs to be deleted",
          "required" : true,
          "type" : "string",
          "minimum" : 1.0
        } ],
        "responses" : {
          "400" : {
            "description" : "Invalid ID supplied"
          },
          "404" : {
            "description" : "Order not found"
          }
        }
      }
    },
      "/store/orders/{orderIds}" : {
          "get" : {
              "tags" : [ "store" ],
              "summary" : "Find multiple purchase orders by IDs",
              "description" : "For valid response try integer IDs with value <= 5 or > 10. Other values will generated exceptions",
              "operationId" : "getOrdersById",
              "produces" : [ "application/xml", "application/json" ],
              "parameters" : [ {
                  "name" : "orderIds",
                  "in" : "path",
                  "description" : "IDs of pets that needs to be fetched",
                  "required" : true,
                  "type" : "array",
                  "items" : {
                      "type" : "string"
                  },
                  "collectionFormat" : "csv"
              } ],
              "responses" : {
                  "200" : {
                      "description" : "successful operation",
                      "schema" : {
                          "type" : "array",
                          "items" : {
                              "$ref" : "#/definitions/Order"
                          }
                      }
                  },
                  "400" : {
                      "description" : "Invalid ID supplied"
                  },
                  "404" : {
                      "description" : "Order not found"
                  }
              }
          }
      },
    "/store/ping" : {
      "get" : {
        "tags" : [ "store" ],
        "summary" : "ping",
        "description" : "",
        "operationId" : "ping",
        "produces" : [ "application/xml", "application/json" ],
        "responses" : {
          "200" : {
            "description" : "successful operation",
            "schema" : {
              "type" : "string"
            }
          }
        }
      }
    },
    "/user" : {
      "post" : {
        "tags" : [ "user" ],
        "summary" : "Create user",
        "description" : "This can only be done by the logged in user.",
        "operationId" : "createUser",
        "produces" : [ "application/xml", "application/json" ],
        "parameters" : [ {
          "in" : "body",
          "name" : "body",
          "description" : "Created user object",
          "required" : true,
          "schema" : {
            "$ref" : "#/definitions/User"
          }
        } ],
        "responses" : {
          "default" : {
            "description" : "successful operation"
          }
        }
      }
    },
    "/user/createWithArray" : {
      "post" : {
        "tags" : [ "user" ],
        "summary" : "Creates list of users with given input array",
        "description" : "",
        "operationId" : "createUsersWithArrayInput",
        "produces" : [ "application/xml", "application/json" ],
        "parameters" : [ {
          "in" : "body",
          "name" : "body",
          "description" : "List of user object",
          "required" : true,
          "schema" : {
            "type" : "array",
            "items" : {
              "$ref" : "#/definitions/User"
            }
          }
        } ],
        "responses" : {
          "default" : {
            "description" : "successful operation"
          }
        }
      }
    },
    "/user/createWithList" : {
      "post" : {
        "tags" : [ "user" ],
        "summary" : "Creates list of users with given input array",
        "description" : "",
        "operationId" : "createUsersWithListInput",
        "produces" : [ "application/xml", "application/json" ],
        "parameters" : [ {
          "in" : "body",
          "name" : "body",
          "description" : "List of user object",
          "required" : true,
          "schema" : {
            "type" : "array",
            "items" : {
              "$ref" : "#/definitions/User"
            }
          }
        } ],
        "responses" : {
          "default" : {
            "description" : "successful operation"
          }
        }
      }
    },
    "/user/login" : {
      "get" : {
        "tags" : [ "user" ],
        "summary" : "Logs user into the system",
        "description" : "",
        "operationId" : "loginUser",
        "produces" : [ "application/xml", "application/json" ],
        "parameters" : [ {
          "name" : "username",
          "in" : "query",
          "description" : "The user name for login",
          "required" : true,
          "type" : "string"
        }, {
          "name" : "password",
          "in" : "query",
          "description" : "The password for login in clear text",
          "required" : true,
          "type" : "string"
        } ],
        "responses" : {
          "200" : {
            "description" : "successful operation",
            "schema" : {
              "type" : "string"
            }
          },
          "400" : {
            "description" : "Invalid username/password supplied"
          }
        }
      }
    },
    "/user/logout" : {
      "get" : {
        "tags" : [ "user" ],
        "summary" : "Logs out current logged in user session",
        "description" : "",
        "operationId" : "logoutUser",
        "produces" : [ "application/xml", "application/json" ],
        "responses" : {
          "default" : {
            "description" : "successful operation"
          }
        }
      }
    },
    "/user/{username}" : {
      "get" : {
        "tags" : [ "user" ],
        "summary" : "Get user by user name",
        "description" : "",
        "operationId" : "getUserByName",
        "produces" : [ "application/xml", "application/json" ],
        "parameters" : [ {
          "name" : "username",
          "in" : "path",
          "description" : "The name that needs to be fetched. Use user1 for testing. ",
          "required" : true,
          "type" : "string"
        } ],
        "responses" : {
          "200" : {
            "description" : "successful operation",
            "schema" : {
              "$ref" : "#/definitions/User"
            }
          },
          "400" : {
            "description" : "Invalid username supplied"
          },
          "404" : {
            "description" : "User not found"
          }
        }
      },
      "put" : {
        "tags" : [ "user" ],
        "summary" : "Updated user",
        "description" : "This can only be done by the logged in user.",
        "operationId" : "updateUser",
        "produces" : [ "application/xml", "application/json" ],
        "parameters" : [ {
          "name" : "username",
          "in" : "path",
          "description" : "name that need to be deleted",
          "required" : true,
          "type" : "string"
        }, {
          "in" : "body",
          "name" : "body",
          "description" : "Updated user object",
          "required" : true,
          "schema" : {
            "$ref" : "#/definitions/User"
          }
        } ],
        "responses" : {
          "400" : {
            "description" : "Invalid user supplied"
          },
          "404" : {
            "description" : "User not found"
          }
        }
      },
      "delete" : {
        "tags" : [ "user" ],
        "summary" : "Delete user",
        "description" : "This can only be done by the logged in user.",
        "operationId" : "deleteUser",
        "produces" : [ "application/xml", "application/json" ],
        "parameters" : [ {
          "name" : "username",
          "in" : "path",
          "description" : "The name that needs to be deleted",
          "required" : true,
          "type" : "string"
        } ],
        "responses" : {
          "400" : {
            "description" : "Invalid username supplied"
          },
          "404" : {
            "description" : "User not found"
          }
        }
      },
      "patch" : {
        "tags" : [ "user" ],
        "summary" : "Updated user",
        "description" : "This can only be done by the logged in user.",
        "operationId" : "updateUser",
        "produces" : [ "application/xml", "application/json" ],
        "parameters" : [ {
          "name" : "username",
          "in" : "path",
          "description" : "name that need to be deleted",
          "required" : true,
          "type" : "string"
        }, {
          "in" : "body",
          "name" : "body",
          "description" : "Updated user object",
          "required" : true,
          "schema" : {
            "$ref" : "#/definitions/User"
          }
        } ],
        "responses" : {
          "400" : {
            "description" : "Invalid user supplied"
          },
          "404" : {
            "description" : "User not found"
          }
        }
      }
    }
  },
  "securityDefinitions" : {
    "api_key" : {
      "type" : "apiKey",
      "name" : "api_key",
      "in" : "header"
    },
    "basicAuth" : {
      "type" : "basic"
    },
    "petstore_auth" : {
      "type" : "oauth2",
      "authorizationUrl" : "http://swagger.io/api/oauth/dialog",
      "flow" : "implicit",
      "scopes" : {
        "write:pets" : "modify pets in your account",
        "read:pets" : "read your pets"
      }
    }
  },
  "definitions" : {
    "ApiResponse" : {
      "type" : "object",
      "properties" : {
        "code" : {
          "type" : "integer",
          "format" : "int32"
        },
        "type" : {
          "type" : "string"
        },
        "message" : {
          "type" : "string"
        }
      }
    },
    "Category" : {
      "type" : "object",
      "properties" : {
        "id" : {
          "type" : "integer",
          "format" : "int64",
          "xml": {
            "namespace": "http://com.wordnik/sample/model/category"
          }
        },
        "name" : {
          "type" : "string",
          "xml": {
            "namespace": "http://com.wordnik/sample/model/category"
          }
        }
      },
      "xml" : {
        "name" : "Category",
        "namespace": "http://com.wordnik/sample/model/category"
      }
    },
    "Order" : {
      "type" : "object",
      "properties" : {
        "id" : {
          "type" : "integer",
          "format" : "int64"
        },
        "petId" : {
          "type" : "integer",
          "format" : "int64"
        },
        "quantity" : {
          "type" : "integer",
          "format" : "int32"
        },
        "shipDate" : {
          "type" : "string",
          "format" : "date-time"
        },
        "status" : {
          "type" : "string",
          "description" : "Order Status",
          "enum" : [ "placed", "approved", "delivered" ]
        },
        "complete" : {
          "type" : "boolean",
          "default" : false
        },
        "internalThing" : {
          "type" : "string"
        },
        "anotherInternalThing" : {
          "type" : "string"
        }
      },
      "xml" : {
        "name" : "Order",
        "namespace": "http://com.wordnik/sample/model"
      }
    },
    "Pet" : {
      "type" : "object",
      "required" : [ "photoUrls" ],
      "properties" : {
        "id" : {
          "type" : "integer",
          "format" : "int64"
        },
        "category" : {
          "$ref" : "#/definitions/Category"
        },
        "photoUrls" : {
          "type" : "array",
          "xml" : {
            "name" : "photoUrl",
            "wrapped" : true
          },
          "items" : {
            "type" : "string"
          }
        },
        "tags" : {
          "type" : "array",
          "xml" : {
            "name" : "tag",
            "wrapped" : true
          },
          "items" : {
            "$ref" : "#/definitions/Tag"
          }
        },
        "status" : {
          "type" : "string",
          "description" : "pet status in the store",
          "enum" : [ "available", "pending", "sold" ]
        }
      },
      "xml" : {
        "name" : "Pet",
        "namespace": "http://com.wordnik/sample/model"
      }
    },
    "Tag" : {
      "type" : "object",
      "properties" : {
        "id" : {
          "type" : "integer",
          "format" : "int64"
        },
        "name" : {
          "type" : "string"
        }
      },
      "xml" : {
        "name" : "Tag",
        "namespace": "http://com.wordnik/sample/model"
      }
    },
    "User" : {
      "type" : "object",
      "properties" : {
        "id" : {
          "type" : "integer",
          "format" : "int64"
        },
        "username" : {
          "type" : "string"
        },
        "firstName" : {
          "type" : "string"
        },
        "lastName" : {
          "type" : "string"
        },
        "nickName" : {
          "type" : "string",
          "example" : "Bob"
        },
        "email" : {
          "type" : "string"
        },
        "password" : {
          "type" : "string"
        },
        "phone" : {
          "type" : "string",
            "x-test" : "value"
        },
        "userStatus" : {
          "type" : "integer",
          "format" : "int32",
          "example" : 2,
          "description" : "User Status"
        }
      },
      "xml" : {
        "name" : "User",
        "namespace": "http://com.wordnik/sample/model"
      }
    }
  }
}
