{
  "swagger" : "2.0",
  "info" : {
    "version" : "1",
    "title" : "Test Multiple ApiSources With Different Names 1"
  },
  "host" : "www.example.com:8080",
  "basePath" : "/api",
  "tags" : [ {
    "name" : "user",
    "description" : "Operations about user"
  } ],
  "schemes" : [ "http", "https" ],
  "paths" : {
    "/user" : {
      "post" : {
        "tags" : [ "user" ],
        "summary" : "Create user",
        "description" : "This can only be done by the logged in user.",
        "operationId" : "createUser",
        "produces" : [ "application/json", "application/xml" ],
        "parameters" : [ {
          "in" : "body",
          "name" : "body",
          "description" : "Created user object",
          "required" : true,
          "schema" : {
            "$ref" : "#/definitions/User"
          }
        } ],
        "responses" : {
          "default" : {
            "description" : "successful operation"
          }
        }
      }
    },
    "/user/createWithArray" : {
      "post" : {
        "tags" : [ "user" ],
        "summary" : "Creates list of users with given input array",
        "description" : "",
        "operationId" : "createUsersWithArrayInput",
        "produces" : [ "application/json", "application/xml" ],
        "parameters" : [ {
          "in" : "body",
          "name" : "body",
          "description" : "List of user object",
          "required" : true,
          "schema" : {
            "type" : "array",
            "items" : {
              "$ref" : "#/definitions/User"
            }
          }
        } ],
        "responses" : {
          "default" : {
            "description" : "successful operation"
          }
        }
      }
    },
    "/user/createWithList" : {
      "post" : {
        "tags" : [ "user" ],
        "summary" : "Creates list of users with given input array",
        "description" : "",
        "operationId" : "createUsersWithListInput",
        "produces" : [ "application/json", "application/xml" ],
        "parameters" : [ {
          "in" : "body",
          "name" : "body",
          "description" : "List of user object",
          "required" : true,
          "schema" : {
            "type" : "array",
            "items" : {
              "$ref" : "#/definitions/User"
            }
          }
        } ],
        "responses" : {
          "default" : {
            "description" : "successful operation"
          }
        }
      }
    },
    "/user/login" : {
      "get" : {
        "tags" : [ "user" ],
        "summary" : "Logs user into the system",
        "description" : "",
        "operationId" : "loginUser",
        "produces" : [ "application/json", "application/xml" ],
        "parameters" : [ {
          "name" : "username",
          "in" : "query",
          "description" : "The user name for login",
          "required" : true,
          "type" : "string"
        }, {
          "name" : "password",
          "in" : "query",
          "description" : "The password for login in clear text",
          "required" : true,
          "type" : "string"
        } ],
        "responses" : {
          "200" : {
            "description" : "successful operation",
            "schema" : {
              "type" : "string"
            }
          },
          "400" : {
            "description" : "Invalid username/password supplied"
          }
        }
      }
    },
    "/user/logout" : {
      "get" : {
        "tags" : [ "user" ],
        "summary" : "Logs out current logged in user session",
        "description" : "",
        "operationId" : "logoutUser",
        "produces" : [ "application/json", "application/xml" ],
        "responses" : {
          "default" : {
            "description" : "successful operation"
          }
        }
      }
    },
    "/user/{username}" : {
      "get" : {
        "tags" : [ "user" ],
        "summary" : "Get user by user name",
        "description" : "",
        "operationId" : "getUserByName",
        "produces" : [ "application/json", "application/xml" ],
        "parameters" : [ {
          "name" : "username",
          "in" : "path",
          "description" : "The name that needs to be fetched. Use user1 for testing. ",
          "required" : true,
          "type" : "string"
        } ],
        "responses" : {
          "200" : {
            "description" : "successful operation",
            "schema" : {
              "$ref" : "#/definitions/User"
            }
          },
          "400" : {
            "description" : "Invalid username supplied"
          },
          "404" : {
            "description" : "User not found"
          }
        }
      },
      "put" : {
        "tags" : [ "user" ],
        "summary" : "Updated user",
        "description" : "This can only be done by the logged in user.",
        "operationId" : "updateUser",
        "produces" : [ "application/json", "application/xml" ],
        "parameters" : [ {
          "name" : "username",
          "in" : "path",
          "description" : "name that need to be deleted",
          "required" : true,
          "type" : "string"
        }, {
          "in" : "body",
          "name" : "body",
          "description" : "Updated user object",
          "required" : true,
          "schema" : {
            "$ref" : "#/definitions/User"
          }
        } ],
        "responses" : {
          "400" : {
            "description" : "Invalid user supplied"
          },
          "404" : {
            "description" : "User not found"
          }
        }
      },
      "delete" : {
        "tags" : [ "user" ],
        "summary" : "Delete user",
        "description" : "This can only be done by the logged in user.",
        "operationId" : "deleteUser",
        "produces" : [ "application/json", "application/xml" ],
        "parameters" : [ {
          "name" : "username",
          "in" : "path",
          "description" : "The name that needs to be deleted",
          "required" : true,
          "type" : "string"
        } ],
        "responses" : {
          "400" : {
            "description" : "Invalid username supplied"
          },
          "404" : {
            "description" : "User not found"
          }
        }
      }
    }
  },
  "definitions" : {
    "User" : {
      "type" : "object",
      "properties" : {
        "id" : {
          "type" : "integer",
          "format" : "int64"
        },
        "username" : {
          "type" : "string"
        },
        "firstName" : {
          "type" : "string"
        },
        "lastName" : {
          "type" : "string"
        },
        "nickName" : {
          "type" : "string",
          "example" : "\"Bob\""
        },
        "email" : {
          "type" : "string"
        },
        "password" : {
          "type" : "string"
        },
        "phone" : {
          "type" : "string"
        },
        "userStatus" : {
          "type" : "integer",
          "format" : "int32",
          "example" : 2,
          "description" : "User Status"
        }
      },
      "xml" : {
        "name" : "User"
      }
    }
  }
}