{
  "swagger" : "2.0",
  "info" : {
    "description" : "This is a sample.",
    "version" : "v1",
    "title" : "Swagger Maven Plugin Sample",
    "termsOfService" : "http://www.github.com/kongchen/swagger-maven-plugin",
    "contact" : {
      "name" : "Kong Chen",
      "url" : "http://kongch.com",
      "email" : "kongchen@gmail.com"
    },
    "license" : {
      "name" : "Apache 2.0",
      "url" : "http://www.apache.org/licenses/LICENSE-2.0.html"
    }
  },
  "host" : "www.example.com:8080",
  "basePath" : "/api",
  "schemes" : [ "http", "https" ],
  "paths" : {
    "/myResourceSkipInherited/list" : {
      "get" : {
        "summary" : "Get a list of items",
        "description" : "This is a contrived example",
        "operationId" : "getListOfItems",
        "produces" : [ "application/json", "application/xml" ],
        "parameters" : [ {
          "name" : "X-Simple-Param",
          "in" : "header",
          "description" : "The Simple Param",
          "required" : true,
          "type" : "string",
          "x-example" : "ABC45678901234567"
        } ],
        "responses" : {
          "200" : {
            "description" : "successful operation",
            "schema" : {
              "type" : "array",
              "items" : {
                "$ref" : "#/definitions/ListItem"
              }
            }
          }
        }
      }
    }
  },
  "securityDefinitions" : {
    "api_key" : {
      "type" : "apiKey",
      "name" : "api_key",
      "in" : "header"
    },
    "basicAuth" : {
      "type" : "basic"
    },
    "petstore_auth" : {
      "type" : "oauth2",
      "authorizationUrl" : "http://swagger.io/api/oauth/dialog",
      "flow" : "implicit",
      "scopes" : {
        "write:pets" : "modify pets in your account",
        "read:pets" : "read your pets"
      }
    }
  },
  "definitions" : {
    "ListItem" : {
      "type" : "object",
      "properties" : {
        "id" : {
          "type" : "integer",
          "format" : "int64"
        }
      },
      "xml" : {
        "name" : "ListItem",
        "namespace" : "http://com.wordnik/sample/model"
      }
    }
  }
}